[backblue.gif]
[fade.gif]
[index.html]
[localhost/9Spares/wp-content/themes/astra/assets/fonts/astra.woff]
[localhost/9Spares/feed/index.html]
[localhost/9Spares/comments/feed/index.html]
[localhost/9Spares/wp-includes/js/jquery/jquery4a5f.js]
[localhost/9Spares/wp-includes/js/jquery/jquery-migrate.min330a.js]
[localhost/9Spares/wp-content/plugins/woo-m-pesa-payment-gateway/trxcheck4d2c.js]
[localhost/9Spares/xmlrpc0db0.php]
[localhost/9Spares/wp-includes/wlwmanifest.xml]
[localhost/9Spares/wp-json/index.html]
[localhost/9Spares/wp-json/oembed/1.0/embed9227.json]
[localhost/9Spares/wp-json/oembed/1.0/embed2420]
[localhost/9Spares/wp-content/uploads/2019/11/carparts.jpg]
[localhost/9Spares/wp-content/uploads/2019/11/quote-free-img.png]
[localhost/9Spares/wp-content/uploads/2019/11/android-9-0-2g-16g-car-stereo.jpg]
[localhost/9Spares/wp-content/themes/astra/assets/js/minified/style.min431f.js]
[localhost/9Spares/wp-content/plugins/woocommerce/assets/js/jquery-blockui/jquery.blockUI.min44fd.js]
[localhost/9Spares/wp-content/plugins/woocommerce/assets/js/frontend/add-to-cart.min9e95.js]
[localhost/9Spares/wp-content/plugins/woocommerce/assets/js/js-cookie/js.cookie.min6b25.js]
[localhost/9Spares/wp-content/plugins/woocommerce/assets/js/frontend/woocommerce.min9e95.js]
[localhost/9Spares/wp-content/plugins/woocommerce/assets/js/frontend/cart-fragments.min9e95.js]
[localhost/9Spares/wp-includes/js/wp-embed.min4d2c.js]
[localhost/9Spares/wp-content/plugins/elementor/assets/js/frontend-modules.min206d.js]
[localhost/9Spares/wp-includes/js/jquery/ui/position.mine899.js]
[localhost/9Spares/wp-content/plugins/elementor/assets/lib/dialog/dialog.minfe9d.js]
[localhost/9Spares/wp-content/plugins/elementor/assets/lib/waypoints/waypoints.min05da.js]
[localhost/9Spares/wp-content/plugins/elementor/assets/lib/swiper/swiper.min4f24.js]
[localhost/9Spares/wp-content/plugins/elementor/assets/js/frontend.min206d.js]
[localhost/9Spares/index.html]
[localhost/9Spares/wp-content/themes/astra/assets/css/minified/style.min431f.css]
[localhost/9Spares/wp-content/themes/astra/assets/css/minified/menu-animation.min431f.css]
[localhost/9Spares/wp-includes/css/dist/block-library/style.min4d2c.css]
[localhost/9Spares/wp-content/plugins/woocommerce/packages/woocommerce-blocks/build/style747d.css]
[localhost/9Spares/wp-content/plugins/woo-m-pesa-payment-gateway/display4963.css]
[localhost/9Spares/wp-content/themes/astra/assets/css/minified/compatibility/woocommerce/woocommerce-layout.min431f.css]
[localhost/9Spares/wp-content/themes/astra/assets/css/minified/compatibility/woocommerce/woocommerce-smallscreen.min431f.css]
[localhost/9Spares/wp-content/plugins/woocommerce/assets/fonts/star.eot]
[localhost/9Spares/wp-content/plugins/woocommerce/assets/fonts/stard41d.eot]
[localhost/9Spares/wp-content/plugins/woocommerce/assets/fonts/star.woff]
[localhost/9Spares/wp-content/plugins/woocommerce/assets/fonts/star.ttf]
[localhost/9Spares/wp-content/plugins/woocommerce/assets/fonts/WooCommerce.eot]
[localhost/9Spares/wp-content/plugins/woocommerce/assets/fonts/WooCommerced41d.eot]
[localhost/9Spares/wp-content/plugins/woocommerce/assets/fonts/WooCommerce.woff]
[localhost/9Spares/wp-content/plugins/woocommerce/assets/fonts/WooCommerce.ttf]
[localhost/9Spares/wp-content/plugins/woocommerce/assets/css/photoswipe/default-skin/default-skin.png]
[localhost/9Spares/wp-content/themes/astra/assets/css/minified/compatibility/woocommerce/woocommerce.min431f.css]
[localhost/9Spares/wp-content/plugins/header-footer-elementor/assets/css/header-footer-elementor8daf.css]
[localhost/9Spares/wp-content/plugins/elementor/assets/lib/eicons/fonts/eicons4310.eot]
[localhost/9Spares/wp-content/plugins/elementor/assets/lib/eicons/fonts/eicons4310.woff2]
[localhost/9Spares/wp-content/plugins/elementor/assets/lib/eicons/fonts/eicons4310.woff]
[localhost/9Spares/wp-content/plugins/elementor/assets/lib/eicons/fonts/eicons4310.ttf]
[localhost/9Spares/wp-content/plugins/elementor/assets/lib/eicons/css/elementor-icons.min6104.css]
[localhost/9Spares/wp-content/plugins/elementor/assets/lib/animations/animations.min206d.css]
[localhost/9Spares/wp-content/plugins/elementor/assets/css/frontend.min206d.css]
[localhost/9Spares/wp-content/uploads/elementor/css/global09e8.css]
[localhost/9Spares/wp-content/uploads/2019/11/rim-2971142_1920.jpg]
[localhost/9Spares/wp-content/uploads/2019/11/mercedes-1338063_1920.jpg]
[localhost/9Spares/wp-content/uploads/2019/11/toyota-4422348_1280.jpg]
[localhost/9Spares/wp-content/uploads/2019/11/bmw-1368279_1280.jpg]
[localhost/9Spares/wp-content/uploads/2019/11/gears-24276_1280.png]
[localhost/9Spares/wp-content/uploads/2019/11/WhatsApp-Image-2019-11-08-at-12.49.34-AM-1.jpg]
[localhost/9Spares/wp-content/uploads/2019/11/Pharis.jpg]
[localhost/9Spares/wp-content/uploads/2019/11/Audrey.jpg]
[localhost/9Spares/wp-content/uploads/2019/11/stock-photo-many-auto-parts-done-in-d-253694653.jpg]
[localhost/9Spares/wp-content/uploads/elementor/css/post-5500df4.css]
[localhost/9Spares/wp-content/plugins/woo-m-pesa-payment-gateway/trxcheck6619.js]
[localhost/9Spares/wp-json/oembed/1.0/embed76aa.json]
[localhost/9Spares/wp-json/oembed/1.0/embedbddb]
[localhost/9Spares/wp-content/uploads/2019/01/16-Inch-Alloy-Wheel-Rims-Mercedes-Custom-300x300.jpg]
[localhost/9Spares/wp-content/uploads/2019/01/5-6-speed-leather-gear-shift-knob-300x300.jpg]
[localhost/9Spares/wp-content/uploads/2019/01/90369-T0003-for-TOYOTA-LAND-CRUISER-CAR-300x300.jpg]
[localhost/9Spares/wp-content/uploads/2019/11/android-9-0-2g-16g-car-stereo-300x300.jpg]
[localhost/9Spares/wp-content/uploads/2019/01/Auto-Suspension-Parts-Front-control-arm-for-300x300.jpg]
[localhost/9Spares/wp-content/uploads/2019/11/bmw-engine-1-300x300.jpg]
[localhost/9Spares/wp-content/uploads/2019/11/s-l1600-300x300.jpg]
[localhost/9Spares/wp-content/uploads/2019/11/Car-Modified-Carbon-Fiber-Front-Bumper-Lip-300x300.jpg]
[localhost/9Spares/wp-content/uploads/2019/01/Excavator-spare-parts-foot-pedal-300x300.jpg]
[localhost/9Spares/wp-content/uploads/2019/01/Genuine-Mercedes-e-class-headlight-for-W212-300x300.jpg]
[localhost/9Spares/wp-content/uploads/2019/01/High-quality-steel-front-bumper-guard-for-300x300.jpg]
[localhost/9Spares/wp-content/uploads/2019/01/Hot-Sale-Auto-Car-Spare-Parts-Alternator-300x300.jpg]
[localhost/9Spares/wp-content/uploads/2019/01/Japan-Car-Spare-parts-1Z-Cylinder-Head-300x300.jpg]
[localhost/9Spares/wp-content/uploads/2019/01/mercedes-sprinter-seat-ZTZY3300-bus-seat-bus-300x300.jpg]
[localhost/9Spares/wp-content/uploads/2019/01/electric-vehicle-ev-charging-cable-type-2-300x300.png]
[localhost/9Spares/wp-content/uploads/2019/11/e46-e66-e60-e90-Radiator-Cooling-Fan-300x300.60.delayed]
[localhost/9Spares/wp-content/uploads/2019/01/Tcm-toyota-forklift-parts-300x300.jpg]
[localhost/9Spares/wp-content/uploads/2019/11/e46-e66-e60-Water-Hose-for-bmw-300x300.jpg]
[localhost/9Spares/wp-includes/js/wp-embed.min6619.js]
[localhost/9Spares/store/index.html]
[localhost/9Spares/product-category/mercedes/index.html]
[localhost/9Spares/product-category/toyota/index.html]
[localhost/9Spares/product-category/bmw/index.html]
[localhost/9Spares/product-category/mercedes/feed/index.html]
[localhost/9Spares/product-category/toyota/feed/index.html]
[localhost/9Spares/product-category/bmw/feed/index.html]
[localhost/9Spares/wp-json/oembed/1.0/embed0e88.json]
[localhost/9Spares/wp-json/oembed/1.0/embedabbf]
[localhost/9Spares/wp-content/uploads/2019/11/Nancy.jpg]
[localhost/9Spares/wp-content/uploads/2019/11/Kaleb.jpg]
[localhost/9Spares/wp-content/uploads/2019/11/Tallam.jpg]
[localhost/9Spares/wp-content/uploads/2019/11/IMG_20190525_151959_3.jpg]
[localhost/9Spares/wp-content/uploads/2019/01/High-quality-steel-front-bumper-guard-for.jpg]
[localhost/9Spares/about-us/index.html]
[localhost/9Spares/wp-json/oembed/1.0/embedad56.json]
[localhost/9Spares/wp-json/oembed/1.0/embedb84c]
[localhost/9Spares/wp-content/plugins/wpforms-lite/assets/js/jquery.validate.minb3a6.js]
[localhost/9Spares/wp-content/plugins/wpforms-lite/assets/js/mailcheck.mincfa9.js]
[localhost/9Spares/wp-content/plugins/wpforms-lite/assets/js/wpformsc36d.js]
[localhost/9Spares/contact-us/index.html]
[localhost/9Spares/wp-json/oembed/1.0/embed9227-2.json]
[localhost/9Spares/wp-json/oembed/1.0/embed318f]
[localhost/9Spares/wp-content/plugins/woocommerce/assets/js/selectWoo/selectWoo.full.min0ba6.js]
[localhost/9Spares/my-account/index.html]
[localhost/9Spares/wp-json/oembed/1.0/embed265c.json]
[localhost/9Spares/wp-json/oembed/1.0/embed79a7]
[localhost/9Spares/wp-content/plugins/woocommerce/assets/js/frontend/country-select.min9e95.js]
[localhost/9Spares/wp-content/plugins/woocommerce/assets/js/frontend/address-i18n.min9e95.js]
[localhost/9Spares/wp-content/plugins/woocommerce/assets/js/frontend/cart.min9e95.js]
[localhost/9Spares/cart/index.html]
[localhost/9Spares/product/car-gps-navigation-system/feed/index.html]
[localhost/9Spares/wp-json/oembed/1.0/embede9e5.json]
[localhost/9Spares/wp-json/oembed/1.0/embedc986]
[localhost/9Spares/wp-content/uploads/2019/11/android-9-0-2g-16g-car-stereo-600x600.jpg]
[localhost/9Spares/wp-includes/js/comment-reply.min6619.js]
[localhost/9Spares/wp-content/plugins/woocommerce/assets/js/zoom/jquery.zoom.min5a35.js]
[localhost/9Spares/wp-content/plugins/woocommerce/assets/js/flexslider/jquery.flexslider.mineed8.js]
[localhost/9Spares/wp-content/plugins/woocommerce/assets/js/photoswipe/photoswipe.min0235.js]
[localhost/9Spares/wp-content/plugins/woocommerce/assets/js/photoswipe/photoswipe-ui-default.min0235.js]
[localhost/9Spares/wp-content/plugins/woocommerce/assets/js/frontend/single-product.min9e95.js]
[localhost/9Spares/product/car-gps-navigation-system/index.html]
[localhost/9Spares/indexa0ee.html]
[localhost/9Spares/wp-content/uploads/elementor/css/post-2850426.css]
[localhost/9Spares/wp-content/plugins/elementor/assets/lib/font-awesome/css/fontawesome.minad76.css]
[localhost/9Spares/wp-content/plugins/elementor/assets/lib/font-awesome/webfonts/fa-brands-400.eot]
[localhost/9Spares/wp-content/plugins/elementor/assets/lib/font-awesome/webfonts/fa-brands-400d41d.eot]
[localhost/9Spares/wp-content/plugins/elementor/assets/lib/font-awesome/webfonts/fa-brands-400.woff2]
[localhost/9Spares/wp-content/plugins/elementor/assets/lib/font-awesome/webfonts/fa-brands-400.woff]
[localhost/9Spares/wp-content/plugins/elementor/assets/lib/font-awesome/webfonts/fa-brands-400.ttf]
[localhost/9Spares/wp-content/plugins/elementor/assets/lib/font-awesome/css/brands.minad76.css]
[localhost/9Spares/wp-content/plugins/elementor/assets/lib/font-awesome/webfonts/fa-solid-900.eot]
[localhost/9Spares/wp-content/plugins/elementor/assets/lib/font-awesome/webfonts/fa-solid-900.woff2]
[localhost/9Spares/wp-content/plugins/elementor/assets/lib/font-awesome/webfonts/fa-solid-900d41d.eot]
[localhost/9Spares/wp-content/plugins/elementor/assets/lib/font-awesome/webfonts/fa-solid-900.woff]
[localhost/9Spares/wp-content/plugins/elementor/assets/lib/font-awesome/webfonts/fa-solid-900.ttf]
[localhost/9Spares/wp-content/plugins/elementor/assets/lib/font-awesome/css/solid.minad76.css]
[localhost/9Spares/wp-content/plugins/woocommerce/assets/fonts/star.svg]
[localhost/9Spares/wp-content/plugins/woocommerce/assets/fonts/WooCommerce.svg]
[localhost/9Spares/wp-content/plugins/woocommerce/assets/images/icons/loader.svg]
[localhost/9Spares/wp-content/plugins/woocommerce/assets/images/icons/credit-cards/visa.svg]
[localhost/9Spares/wp-content/plugins/woocommerce/assets/images/icons/credit-cards/mastercard.svg]
[localhost/9Spares/wp-content/plugins/woocommerce/assets/images/icons/credit-cards/laser.svg]
[localhost/9Spares/wp-content/plugins/woocommerce/assets/images/icons/credit-cards/diners.svg]
[localhost/9Spares/wp-content/plugins/woocommerce/assets/images/icons/credit-cards/maestro.svg]
[localhost/9Spares/wp-content/plugins/woocommerce/assets/images/icons/credit-cards/jcb.svg]
[localhost/9Spares/wp-content/plugins/woocommerce/assets/images/icons/credit-cards/amex.svg]
[localhost/9Spares/wp-content/plugins/woocommerce/assets/images/icons/credit-cards/discover.svg]
[localhost/9Spares/wp-content/plugins/elementor/assets/lib/eicons/fonts/eicons4310.svg]
[localhost/9Spares/wp-includes/css/dist/block-library/style.min6619.css]
[localhost/9Spares/wp-content/uploads/2019/11/storeparts.jpg]
[localhost/9Spares/wp-content/uploads/elementor/css/post-552ad9f.css]
[localhost/9Spares/index5195.html]
[localhost/9Spares/product/wheel-rims/feed/index.html]
[localhost/9Spares/wp-json/oembed/1.0/embedd24d.json]
[localhost/9Spares/wp-json/oembed/1.0/embeddc9b]
[localhost/9Spares/wp-content/uploads/2019/01/16-Inch-Alloy-Wheel-Rims-Mercedes-Custom.jpg]
[localhost/9Spares/wp-content/uploads/2019/01/16-Inch-Alloy-Wheel-Rims-Mercedes-Custom-600x600.jpg]
[localhost/9Spares/product/wheel-rims/index.html]
[localhost/9Spares/product/gear-shift/feed/index.html]
[localhost/9Spares/wp-json/oembed/1.0/embed6a01.json]
[localhost/9Spares/wp-json/oembed/1.0/embedf5a3]
[localhost/9Spares/wp-content/uploads/2019/01/5-6-speed-leather-gear-shift-knob.jpg]
[localhost/9Spares/wp-content/uploads/2019/01/5-6-speed-leather-gear-shift-knob-600x839.jpg]
[localhost/9Spares/product/gear-shift/index.html]
[localhost/9Spares/product/t003/feed/index.html]
[localhost/9Spares/wp-json/oembed/1.0/embede7ba.json]
[localhost/9Spares/wp-json/oembed/1.0/embed27a2]
[localhost/9Spares/wp-content/uploads/2019/01/90369-T0003-for-TOYOTA-LAND-CRUISER-CAR.jpg]
[localhost/9Spares/wp-content/uploads/2019/01/90369-T0003-for-TOYOTA-LAND-CRUISER-CAR-600x600.jpg]
[localhost/9Spares/product/t003/index.html]
[localhost/9Spares/product/front-control-arm/feed/index.html]
[localhost/9Spares/wp-json/oembed/1.0/embedb1d8.json]
[localhost/9Spares/wp-json/oembed/1.0/embedcddd]
[localhost/9Spares/wp-content/uploads/2019/01/Auto-Suspension-Parts-Front-control-arm-for.jpg]
[localhost/9Spares/product/front-control-arm/index.html]
[localhost/9Spares/wp-json/oembed/1.0/embed2b74.json]
[localhost/9Spares/product/bmw-bare-engine/feed/index.html]
[localhost/9Spares/wp-json/oembed/1.0/embedafaf]
[localhost/9Spares/wp-content/uploads/2019/11/bmw-engine-1.jpg]
[localhost/9Spares/product/bmw-bare-engine/index.html]
[localhost/9Spares/product/crankshaft-pulley/feed/index.html]
[localhost/9Spares/wp-json/oembed/1.0/embed4eba.json]
[localhost/9Spares/wp-json/oembed/1.0/embed5487]
[localhost/9Spares/wp-content/uploads/2019/11/s-l1600.jpg]
[localhost/9Spares/wp-content/uploads/2019/11/s-l1600-600x600.jpg]
[localhost/9Spares/product/crankshaft-pulley/index.html]
[localhost/9Spares/product/car-modified-front-bumber-lip/feed/index.html]
[localhost/9Spares/wp-json/oembed/1.0/embed0bee.json]
[localhost/9Spares/wp-json/oembed/1.0/embedf10c]
[localhost/9Spares/wp-content/uploads/2019/11/Car-Modified-Carbon-Fiber-Front-Bumper-Lip.jpg]
[localhost/9Spares/wp-content/uploads/2019/11/Car-Modified-Carbon-Fiber-Front-Bumper-Lip-600x600.jpg]
[localhost/9Spares/product/car-modified-front-bumber-lip/index.html]
[localhost/9Spares/product/excavator-foot-pedal/feed/index.html]
[localhost/9Spares/wp-json/oembed/1.0/embed22b3.json]
[localhost/9Spares/wp-json/oembed/1.0/embed28f0]
[localhost/9Spares/wp-content/uploads/2019/01/Excavator-spare-parts-foot-pedal.jpg]
[localhost/9Spares/wp-content/uploads/2019/01/Excavator-spare-parts-foot-pedal-600x600.jpg]
[localhost/9Spares/product/excavator-foot-pedal/index.html]
[localhost/9Spares/product/e-class-headlight/feed/index.html]
[localhost/9Spares/wp-json/oembed/1.0/embed7ce0.json]
[localhost/9Spares/wp-json/oembed/1.0/embedfabb]
[localhost/9Spares/wp-content/uploads/2019/01/Genuine-Mercedes-e-class-headlight-for-W212.jpg]
[localhost/9Spares/wp-content/uploads/2019/01/Genuine-Mercedes-e-class-headlight-for-W212-600x640.jpg]
[localhost/9Spares/product/e-class-headlight/index.html]
[localhost/9Spares/product/bumber-guard/feed/index.html]
[localhost/9Spares/wp-json/oembed/1.0/embed97f9.json]
[localhost/9Spares/wp-json/oembed/1.0/embed002b]
[localhost/9Spares/wp-content/uploads/2019/01/High-quality-steel-front-bumper-guard-for-600x600.jpg]
[localhost/9Spares/product/bumber-guard/index.html]
[localhost/9Spares/product/alternator/feed/index.html]
[localhost/9Spares/wp-json/oembed/1.0/embedf058.json]
[localhost/9Spares/wp-json/oembed/1.0/embed8234]
[localhost/9Spares/wp-content/uploads/2019/01/Hot-Sale-Auto-Car-Spare-Parts-Alternator.jpg]
[localhost/9Spares/wp-content/uploads/2019/01/Hot-Sale-Auto-Car-Spare-Parts-Alternator-600x600.jpg]
[localhost/9Spares/product/alternator/index.html]
[localhost/9Spares/product/cylinder-head/feed/index.html]
[localhost/9Spares/wp-json/oembed/1.0/embed325e.json]
[localhost/9Spares/wp-json/oembed/1.0/embed4050]
[localhost/9Spares/wp-content/uploads/2019/01/Japan-Car-Spare-parts-1Z-Cylinder-Head.jpg]
[localhost/9Spares/wp-content/uploads/2019/01/Japan-Car-Spare-parts-1Z-Cylinder-Head-600x600.jpg]
[localhost/9Spares/product/cylinder-head/index.html]
[localhost/9Spares/product/sprinter-seat/feed/index.html]
[localhost/9Spares/wp-json/oembed/1.0/embed446a.json]
[localhost/9Spares/wp-json/oembed/1.0/embed243d]
[localhost/9Spares/wp-content/uploads/2019/01/mercedes-sprinter-seat-ZTZY3300-bus-seat-bus.jpg]
[localhost/9Spares/wp-content/uploads/2019/01/mercedes-sprinter-seat-ZTZY3300-bus-seat-bus-600x600.jpg]
[localhost/9Spares/product/sprinter-seat/index.html]
[localhost/9Spares/product/charging-cable/feed/index.html]
[localhost/9Spares/wp-json/oembed/1.0/embed4ab9.json]
[localhost/9Spares/wp-json/oembed/1.0/embed6426]
[localhost/9Spares/wp-content/uploads/2019/01/electric-vehicle-ev-charging-cable-type-2.png]
[localhost/9Spares/wp-content/uploads/2019/01/electric-vehicle-ev-charging-cable-type-2-600x464.png]
[localhost/9Spares/product/charging-cable/index.html]
[localhost/9Spares/product/radiator-cooling-fan/feed/index.html]
[localhost/9Spares/wp-json/oembed/1.0/embedb68b.json]
[localhost/9Spares/wp-json/oembed/1.0/embedd457]
[localhost/9Spares/wp-content/uploads/2019/11/e46-e66-e60-e90-Radiator-Cooling-Fan.jpg]
[localhost/9Spares/wp-content/uploads/2019/11/e46-e66-e60-e90-Radiator-Cooling-Fan-600x600.jpg]
[localhost/9Spares/product/radiator-cooling-fan/index.html]
[localhost/9Spares/product/fork-lift/feed/index.html]
[localhost/9Spares/wp-json/oembed/1.0/embed9cb2.json]
[localhost/9Spares/wp-json/oembed/1.0/embedb7f9]
[localhost/9Spares/wp-content/uploads/2019/01/Tcm-toyota-forklift-parts.jpg]
[localhost/9Spares/wp-content/uploads/2019/01/Tcm-toyota-forklift-parts-600x600.jpg]
[localhost/9Spares/product/fork-lift/index.html]
[localhost/9Spares/product/water-hose/feed/index.html]
[localhost/9Spares/wp-json/oembed/1.0/embed12b4.json]
[localhost/9Spares/wp-json/oembed/1.0/embed178b]
[localhost/9Spares/wp-content/uploads/2019/11/e46-e66-e60-Water-Hose-for-bmw.jpg]
[localhost/9Spares/wp-content/uploads/2019/11/e46-e66-e60-Water-Hose-for-bmw-600x600.jpg]
[localhost/9Spares/product/water-hose/index.html]
[localhost/9Spares/wp-content/uploads/2019/11/selfie-2232519_1920.jpg]
[localhost/9Spares/wp-content/uploads/2019/11/junction-984045_1920.jpg]
[localhost/9Spares/wp-content/uploads/elementor/css/post-551d369.css]
[localhost/9Spares/index46de.html]
[localhost/9Spares/wp-json/oembed/1.0/embed3436.json]
[localhost/9Spares/wp-json/oembed/1.0/embed3d83]
[localhost/9Spares/wp-content/uploads/2019/11/selfie-2232519_1920-1024x683.jpg]
[localhost/9Spares/about/index.html]
[localhost/9Spares/wp-content/uploads/2019/11/contact-us-1908762_1920.png]
[localhost/9Spares/wp-content/uploads/elementor/css/post-12182e.css]
[localhost/9Spares/wp-content/plugins/wpforms-lite/assets/css/wpforms-basec36d.css]
[localhost/9Spares/index678b.html]
[localhost/9Spares/wp-content/plugins/woocommerce/assets/css/select29e95.css]
[localhost/9Spares/indexbcc1.html]
[localhost/9Spares/wp-includes/js/zxcvbn-async.min5152.js]
[localhost/9Spares/wp-admin/js/password-strength-meter.min6619.js]
[localhost/9Spares/wp-content/plugins/woocommerce/assets/js/frontend/password-strength-meter.min9e95.js]
[localhost/9Spares/wp-content/plugins/woocommerce/assets/js/frontend/lost-password.min9e95.js]
[localhost/9Spares/my-account/lost-password/index.html]
[localhost/9Spares/index7cc7.html]
[localhost/9Spares/wp-content/plugins/woocommerce/assets/css/photoswipe/photoswipe9e95.css]
[localhost/9Spares/wp-content/plugins/woocommerce/assets/css/photoswipe/default-skin/preloader.gif]
[localhost/9Spares/wp-content/plugins/woocommerce/assets/css/photoswipe/default-skin/default-skin9e95.css]
[localhost/9Spares/index1cc0.html]
[localhost/9Spares/index3b72.html]
[localhost/9Spares/wp-content/plugins/elementor/assets/lib/font-awesome/webfonts/fa-brands-400.svg]
[localhost/9Spares/wp-content/plugins/elementor/assets/lib/font-awesome/webfonts/fa-solid-900.svg]
[localhost/9Spares/index735a.html]
[localhost/9Spares/index55e4.html]
[localhost/9Spares/indexbde5.html]
[localhost/9Spares/index5fb3.html]
[localhost/9Spares/index2fb6.html]
[localhost/9Spares/index197a.html]
[localhost/9Spares/index2bcd.html]
[localhost/9Spares/index287b.html]
[localhost/9Spares/index6213.html]
[localhost/9Spares/index5e74.html]
[localhost/9Spares/index8cf7.html]
[localhost/9Spares/index4579.html]
[localhost/9Spares/index648c.html]
[localhost/9Spares/index5d38.html]
[localhost/9Spares/indexf425.html]
[localhost/9Spares/index44d0.html]
[localhost/9Spares/indexfc9a.html]
[localhost/9Spares/wp-content/uploads/elementor/css/post-7515228.css]
[localhost/9Spares/indexf294.html]
[localhost/9Spares/wp-content/plugins/woocommerce/assets/css/photoswipe/default-skin/default-skin.svg]
